// Jest Snapshot v1, https://goo.gl/fbAQLP

exports[`app Init state 1`] = `
<div
  className="wrapper"
  onTransitionEnd={[Function]}
  style={
    Object {
      "background": "#ffffff",
    }
  }
>
  <div
    className="content"
  >
    <span
      className=""
    >
      <div
        className="ant-upload ant-upload-select ant-upload-select-text"
      >
        <span
          className="ant-upload"
          onClick={[Function]}
          onDragOver={[Function]}
          onDrop={[Function]}
          onKeyDown={[Function]}
          role="button"
          tabIndex="0"
        >
          <input
            accept=""
            directory={null}
            multiple={false}
            onChange={[Function]}
            onClick={[Function]}
            style={
              Object {
                "display": "none",
              }
            }
            type="file"
            webkitdirectory={null}
          />
          <button
            className="ant-btn"
            onClick={[Function]}
            type="button"
          >
            <span
              aria-label="upload"
              className="anticon anticon-upload"
              role="img"
            >
              <svg
                aria-hidden="true"
                className=""
                data-icon="upload"
                fill="currentColor"
                focusable="false"
                height="1em"
                viewBox="64 64 896 896"
                width="1em"
              >
                <path
                  d="M400 317.7h73.9V656c0 4.4 3.6 8 8 8h60c4.4 0 8-3.6 8-8V317.7H624c6.7 0 10.4-7.7 6.3-12.9L518.3 163a8 8 0 00-12.6 0l-112 141.7c-4.1 5.3-.4 13 6.3 13zM878 626h-60c-4.4 0-8 3.6-8 8v154H214V634c0-4.4-3.6-8-8-8h-60c-4.4 0-8 3.6-8 8v198c0 17.7 14.3 32 32 32h684c17.7 0 32-14.3 32-32V634c0-4.4-3.6-8-8-8z"
                />
              </svg>
            </span>
            <span>
               Upload
            </span>
          </button>
        </span>
      </div>
      <div
        className="ant-upload-list ant-upload-list-text"
      />
    </span>
  </div>
</div>
`;
